[phongon.ca/index.html]
[backblue.gif]
[fade.gif]
[index.html]
[phongon.ca/favicon.ico]
[phongon.ca/css/animate.css]
[phongon.ca/css/icomoon.css]
[phongon.ca/css/bootstrap.css]
[phongon.ca/css/owl.carousel.min.css]
[phongon.ca/css/owl.theme.default.min.css]
[phongon.ca/css/magnific-popup.css]
[phongon.ca/css/flexslider.css]
[phongon.ca/fonts/flaticon/font/flaticon.css]
[phongon.ca/css/bootstrap-datepicker.css]
[phongon.ca/css/style.css]
[phongon.ca/js/modernizr-2.6.2.min.js]
[ajax.googleapis.com/ajax/libs/jquery/3.3.1/jquery.min.js]
[phongon.ca/images/pop/open.jpg]
[phongon.ca/index-2.html]
[phongon.ca/menu.html]
[phongon.ca/gallery.html]
[phongon.ca/images/logo.png]
[phongon.ca/images/img_bg_1.jpg]
[phongon.ca/images/img_bg_2.jpg]
[phongon.ca/images/img_bg_5.jpg]
[phongon.ca/images/img_bg_4.jpg]
[phongon.ca/images/about.jpg]
[phongon.ca/images/about-2.jpg]
[phongon.ca/images/cover_bg_1.jpg]
[phongon.ca/images/gallery/01.mp4]
[phongon.ca/images/cover_bg_2.jpg]
[phongon.ca/images/dessert-1.jpg]
[phongon.ca/images/dessert-2.jpg]
[phongon.ca/images/dish-9.jpg]
[phongon.ca/images/dish-2.jpg]
[phongon.ca/js/jquery.min.js]
[phongon.ca/js/jquery.easing.1.3.js]
[phongon.ca/js/bootstrap.min.js]
[phongon.ca/js/jquery.waypoints.min.js]
[phongon.ca/js/jquery.stellar.min.js]
[phongon.ca/js/owl.carousel.min.js]
[phongon.ca/js/jquery.magnific-popup.min.js]
[phongon.ca/js/magnific-popup-options.js]
[phongon.ca/js/jquery.flexslider-min.js]
[phongon.ca/js/bootstrap-datepicker.js]
[phongon.ca/js/main.js]
[phongon.ca/index.html]
[phongon.ca/favicon.html]
[phongon.ca/css/animate.css]
[phongon.ca/css/fonts/icomoon649c.eot]
[phongon.ca/css/fonts/icomoon649c.ttf]
[phongon.ca/css/fonts/icomoon649c.woff]
[phongon.ca/css/fonts/icomoon649c.svg]
[phongon.ca/css/icomoon.css]
[phongon.ca/fonts/bootstrap/glyphicons-halflings-regular.eot]
[phongon.ca/fonts/bootstrap/glyphicons-halflings-regular.woff2]
[phongon.ca/fonts/bootstrap/glyphicons-halflings-regulard41d.eot]
[phongon.ca/fonts/bootstrap/glyphicons-halflings-regular.woff]
[phongon.ca/css/bootstrap.css]
[phongon.ca/fonts/bootstrap/glyphicons-halflings-regular.svg]
[phongon.ca/css/owl.video.play.png]
[phongon.ca/css/owl.carousel.min.css]
[phongon.ca/css/owl.theme.default.min.css]
[phongon.ca/css/magnific-popup.css]
[phongon.ca/css/flexslider.css]
[phongon.ca/fonts/bootstrap/glyphicons-halflings-regular.ttf]
[phongon.ca/fonts/flaticon/font/Flaticon.eot]
[phongon.ca/fonts/flaticon/font/Flaticon.woff]
[phongon.ca/fonts/flaticon/font/Flaticond41d.eot]
[phongon.ca/fonts/flaticon/font/Flaticon.ttf]
[phongon.ca/fonts/flaticon/font/Flaticon.svg]
[phongon.ca/fonts/flaticon/font/flaticon.css]
[phongon.ca/css/bootstrap-datepicker.css]
[phongon.ca/fonts/icomoon/icomoona57c.woff]
[phongon.ca/fonts/icomoon/icomoona57c.eot]
[phongon.ca/fonts/icomoon/icomoona57c.ttf]
[phongon.ca/images/loader.3d.delayed]
[phongon.ca/images/gallery-fondo.jpg]
[phongon.ca/fonts/icomoon/icomoona57c.svg]
[phongon.ca/css/style.css]
[phongon.ca/js/modernizr-2.6.2.min.js]
[phongon.ca/index-2.html]
[phongon.ca/.3f.delayed]
[phongon.ca/images/101.jpg]
[phongon.ca/images/101s.jpg]
[phongon.ca/images/101A.jpg]
[phongon.ca/images/101As.jpg]
[phongon.ca/images/101B.jpg]
[phongon.ca/images/101bs.jpg]
[phongon.ca/images/appetizers/102.jpg]
[phongon.ca/images/102s.jpg]
[phongon.ca/images/103.jpg]
[phongon.ca/images/103s.jpg]
[phongon.ca/images/104.jpg]
[phongon.ca/images/104s.jpg]
[phongon.ca/images/105.jpg]
[phongon.ca/images/105s.jpg]
[phongon.ca/images/106.jpg]
[phongon.ca/images/106s.jpg]
[phongon.ca/images/107.jpg]
[phongon.ca/images/107s.jpg]
[phongon.ca/images/108.jpg]
[phongon.ca/images/108s.jpg]
[phongon.ca/images/109.jpg]
[phongon.ca/images/109s.jpg]
[phongon.ca/images/201.jpg]
[phongon.ca/images/201s.jpg]
[phongon.ca/images/202.jpg]
[phongon.ca/images/202s.jpg]
[phongon.ca/images/203.jpg]
[phongon.ca/images/203s.jpg]
[phongon.ca/images/204.jpg]
[phongon.ca/images/204s.jpg]
[phongon.ca/images/205.jpg]
[phongon.ca/images/205s.jpg]
[phongon.ca/images/other/205B.60.delayed]
[phongon.ca/images/205bsc.jpg]
[phongon.ca/images/206.jpg]
[phongon.ca/images/206s.jpg]
[phongon.ca/images/301.jpg]
[phongon.ca/images/301s.jpg]
[phongon.ca/images/302.jpg]
[phongon.ca/images/302s.jpg]
[phongon.ca/images/303.jpg]
[phongon.ca/images/303s.jpg]
[phongon.ca/images/305.jpg]
[phongon.ca/images/305s.jpg]
[phongon.ca/images/306.jpg]
[phongon.ca/images/307.jpg]
[phongon.ca/images/307s.jpg]
[phongon.ca/images/308.jpg]
[phongon.ca/images/309.jpg]
[phongon.ca/images/310.jpg]
[phongon.ca/images/311.jpg]
[phongon.ca/images/311s.jpg]
[phongon.ca/images/312.jpg]
[phongon.ca/images/313.jpg]
[phongon.ca/images/cover_dish.jpg]
[phongon.ca/images/315.jpg]
[phongon.ca/images/315s.jpg]
[phongon.ca/images/316.jpg]
[phongon.ca/images/317.jpg]
[phongon.ca/images/321.jpg]
[phongon.ca/images/321s.jpg]
[phongon.ca/images/322.jpg]
[phongon.ca/images/323.jpg]
[phongon.ca/images/324.jpg]
[phongon.ca/images/326.jpg]
[phongon.ca/images/326s.jpg]
[phongon.ca/images/327.jpg]
[phongon.ca/images/327s.jpg]
[phongon.ca/images/329.jpg]
[phongon.ca/images/329s.jpg]
[phongon.ca/images/332.jpg]
[phongon.ca/images/332s.jpg]
[phongon.ca/images/333.jpg]
[phongon.ca/images/333s.jpg]
[phongon.ca/images/336.jpg]
[phongon.ca/images/336s.jpg]
[phongon.ca/images/337.jpg]
[phongon.ca/images/337s.jpg]
[phongon.ca/images/bun/401.jpg]
[phongon.ca/images/bun/401-peque.jpg]
[phongon.ca/images/402.jpg]
[phongon.ca/images/402s.jpg]
[phongon.ca/images/403.jpg]
[phongon.ca/images/403s.jpg]
[phongon.ca/images/405.jpg]
[phongon.ca/images/406.jpg]
[phongon.ca/images/406s.jpg]
[phongon.ca/images/407.jpg]
[phongon.ca/images/407s.jpg]
[phongon.ca/images/408.jpg]
[phongon.ca/images/408s.jpg]
[phongon.ca/images/409.jpg]
[phongon.ca/images/410z.jpg]
[phongon.ca/410z.9d.delayed]
[phongon.ca/images/411.jpg]
[phongon.ca/images/411s.jpg]
[phongon.ca/images/413.jpg]
[phongon.ca/images/413s.jpg]
[phongon.ca/images/414.jpg]
[phongon.ca/images/414s.jpg]
[phongon.ca/images/501.jpg]
[phongon.ca/images/501s.jpg]
[phongon.ca/images/502.jpg]
[phongon.ca/images/502s.jpg]
[phongon.ca/images/503.jpg]
[phongon.ca/images/503s.jpg]
[phongon.ca/images/506.jpg]
[phongon.ca/images/506s.jpg]
[phongon.ca/images/507.jpg]
[phongon.ca/images/507s.jpg]
[phongon.ca/images/508.jpg]
[phongon.ca/images/508s.jpg]
[phongon.ca/images/509.jpg]
[phongon.ca/images/509s.jpg]
[phongon.ca/images/510.jpg]
[phongon.ca/images/510s.jpg]
[phongon.ca/images/511.jpg]
[phongon.ca/images/511s.jpg]
[phongon.ca/images/512s.jpg]
[phongon.ca/images/515.jpg]
[phongon.ca/images/515s.jpg]
[phongon.ca/images/516.jpg]
[phongon.ca/images/516s.jpg]
[phongon.ca/images/517.jpg]
[phongon.ca/images/517s.jpg]
[phongon.ca/images/518.jpg]
[phongon.ca/images/518s.jpg]
[phongon.ca/images/com/519.jpg]
[phongon.ca/images/520.jpg]
[phongon.ca/images/520s.jpg]
[phongon.ca/images/521.jpg]
[phongon.ca/images/521s.jpg]
[phongon.ca/images/522.jpg]
[phongon.ca/images/522s.jpg]
[phongon.ca/images/523.jpg]
[phongon.ca/images/523s.jpg]
[phongon.ca/images/601.jpg]
[phongon.ca/images/601s.jpg]
[phongon.ca/images/602.jpg]
[phongon.ca/images/602s.jpg]
[phongon.ca/images/603.jpg]
[phongon.ca/images/603s.jpg]
[phongon.ca/images/605.jpg]
[phongon.ca/images/605s.jpg]
[phongon.ca/images/606.jpg]
[phongon.ca/images/606s.jpg]
[phongon.ca/images/607.jpg]
[phongon.ca/images/607s.jpg]
[phongon.ca/images/609.jpg]
[phongon.ca/images/609s.jpg]
[phongon.ca/images/611.jpg]
[phongon.ca/images/611s.jpg]
[phongon.ca/images/phu/612.jpg]
[phongon.ca/images/phu/612-peque.jpg]
[phongon.ca/images/613.jpg]
[phongon.ca/images/613s.jpg]
[phongon.ca/images/701.jpg]
[phongon.ca/images/701s.jpg]
[phongon.ca/images/702.jpg]
[phongon.ca/images/702s.jpg]
[phongon.ca/images/703.jpg]
[phongon.ca/images/703s.jpg]
[phongon.ca/images/704.jpg]
[phongon.ca/images/704s.jpg]
[phongon.ca/images/705A.jpg]
[phongon.ca/images/705As.jpg]
[phongon.ca/images/705B.jpg]
[phongon.ca/images/705bs.jpg]
[phongon.ca/images/705C.jpg]
[phongon.ca/images/705cs.jpg]
[phongon.ca/images/706.jpg]
[phongon.ca/images/706s.jpg]
[phongon.ca/images/707.jpg]
[phongon.ca/images/707s.jpg]
[phongon.ca/images/708.jpg]
[phongon.ca/images/708s.jpg]
[phongon.ca/images/709.jpg]
[phongon.ca/images/709s.jpg]
[phongon.ca/images/710.jpg]
[phongon.ca/images/710s.jpg]
[phongon.ca/images/711.jpg]
[phongon.ca/images/711s.jpg]
[phongon.ca/images/801.jpg]
[phongon.ca/images/801s.jpg]
[phongon.ca/images/801A.jpg]
[phongon.ca/images/801As.jpg]
[phongon.ca/images/802.jpg]
[phongon.ca/images/802s.jpg]
[phongon.ca/images/803.jpg]
[phongon.ca/images/803s.jpg]
[phongon.ca/images/804.jpg]
[phongon.ca/images/804s.jpg]
[phongon.ca/images/806.jpg]
[phongon.ca/images/806s.jpg]
[phongon.ca/images/807.jpg]
[phongon.ca/images/807s.jpg]
[phongon.ca/images/808.jpg]
[phongon.ca/images/808s.jpg]
[phongon.ca/images/809.jpg]
[phongon.ca/images/809s.jpg]
[phongon.ca/images/810.jpg]
[phongon.ca/images/810s.jpg]
[phongon.ca/images/812.jpg]
[phongon.ca/images/812s.jpg]
[phongon.ca/images/813.jpg]
[phongon.ca/images/813s.jpg]
[phongon.ca/images/814.jpg]
[phongon.ca/images/814s.jpg]
[phongon.ca/images/815.jpg]
[phongon.ca/images/815s.jpg]
[phongon.ca/images/816.jpg]
[phongon.ca/images/816s.jpg]
[phongon.ca/g.114.delayed]
[phongon.ca/js/app.js]
[phongon.ca/menu.html]
[phongon.ca/js/plugins.js]
[phongon.ca/images/gallery/pho-ngon-(24).jpg]
[phongon.ca/images/gallery/01.jpg]
[phongon.ca/images/gallery/pho-ngon-(10).jpg]
[phongon.ca/images/gallery/02.mp4]
[phongon.ca/images/gallery/02.jpg]
[phongon.ca/images/gallery/pho-ngon-(26).jpg]
[phongon.ca/images/gallery/pho-ngon-(18).jpg]
[phongon.ca/images/gallery/pho-ngon-(7).jpg]
[phongon.ca/images/gallery/pho-ngon-(9).jpg]
[phongon.ca/images/gallery/dish-01.jpg]
[phongon.ca/images/gallery/dish-02.jpg]
[phongon.ca/images/gallery/dish-03.jpg]
[phongon.ca/images/gallery/dish-04.jpg]
[phongon.ca/images/gallery/dish-05.jpg]
[phongon.ca/images/gallery/dish-06.jpg]
[phongon.ca/images/gallery/dish-07.jpg]
[phongon.ca/images/gallery/dish-08.jpg]
[phongon.ca/images/gallery/dish-09.jpg]
[phongon.ca/images/gallery/dish-10.jpg]
[phongon.ca/images/gallery/dish-11.jpg]
[phongon.ca/images/gallery/pho-ngon-(13).jpg]
[phongon.ca/gallery.html]
[phongon.ca/js/jquery.min.js]
[phongon.ca/js/jquery.easing.1.3.js]
[phongon.ca/Popover requires tooltip.12c.delayed]
[phongon.ca/js/bootstrap.min.js]
[phongon.ca/js/jquery.waypoints.min.js]
[phongon.ca/js/jquery.stellar.min.js]
[phongon.ca/js/owl.carousel.min.js]
[phongon.ca/js/jquery.magnific-popup.min.js]
[phongon.ca/js/magnific-popup-options.js]
[phongon.ca/js/jquery.flexslider-min.js]
[phongon.ca/js/bootstrap-datepicker.js]
[phongon.ca/js/main.js]
[phongon.ca/css/fonts/icomoon649c.html]
[phongon.ca/css/fonts/icomoon649c-2.html]
[phongon.ca/css/fonts/icomoon649c-3.html]
[phongon.ca/css/fonts/icomoon649c-4.html]
[phongon.ca/fonts/bootstrap/glyphicons-halflings-regular.svg]
[phongon.ca/css/owl.video.play.html]
[phongon.ca/fonts/flaticon/font/Flaticon.svg]
[phongon.ca/fonts/icomoon/icomoona57c.svg]
[phongon.ca/images/loader.html]
[phongon.ca/.html]
[phongon.ca/images/other/205B.html]
[phongon.ca/410z.html]
[phongon.ca/g.html]
[phongon.ca/js/app.js]
[phongon.ca/HEAD]
[phongon.ca/js/plugins.js]
[phongon.ca/Popover requires tooltip.html]
[phongon.ca/HEAD.html]
